要爬 1 個牌子：Kwailnara(67)
✓ Kwailnara: 7 件，有條碼 2
要爬 1 個牌子：NARD(78)
✓ NARD: 19 件，有條碼 1✓ OOTD: 74 件，有條碼 73
✓ OOTD: 74 件，有條碼 73
要爬 1 個牌子：Lovisia(109)
✓ Lovisia: 3 件，有條碼 0
要爬 1 個牌子：MOEV(30)
✓ MOEV: 17 件，有條碼 17
要爬 3 個牌子：Cosplus(37), plu(61), plus eau(4)
✓ Cosplus: 9 件，有條碼 8
✓ plu: 28 件，有條碼 13
✓ plus eau: 2 件，有條碼 2
要爬 1 個牌子：numbuzin(119)
✓ numbuzin: 65 件，有條碼 56
要爬 1 個牌子：Nacific(149)
✓ Nacific: 93 件，有條碼 92
要爬 1 個牌子：FRUDIA(230)
✓ FRUDIA: 79 件，有條碼 62
要爬 1 個牌子：CORINGCO(243)
✓ CORINGCO: 66 件，有條碼 36
要爬 1 個牌子：Farmstay(378)
✓ Farmstay: 217 件，有條碼 194
