產品頁 284 條
✗ ant/products/color-mixing-concealer-混色遮瑕 UnicodeEncodeError
✗ ket.com/zh-hant/products/highlighter-光影粉 UnicodeEncodeError
✗ products/3way-slim-shade-liner-極緻塑型三用眼線筆 UnicodeEncodeError
✗ nt/products/slim-liquid-eyeliner-極緻纖細眼線液 UnicodeEncodeError
✗ .com/zh-hant/products/shading-powder-造影粉 UnicodeEncodeError
✗ quick-lash-curler-separate-速捲持久睫毛液-細致分明版 UnicodeEncodeError
✗ ant/products/quick-easy-remover-速效卸甲液-透明 UnicodeEncodeError
✗ m/zh-hant/products/speedy-lock-coat-快乾面油 UnicodeEncodeError
✗ .com/zh-hant/products/gel-fragrance-香氛啫喱 UnicodeEncodeError
✗ zh-hant/products/refresh-hair-jelly-煥髮啫喱 UnicodeEncodeError
✗ ant/products/gel-volume-top-coat-豐厚啫喱亮光油 UnicodeEncodeError
✗ t.com/zh-hant/products/coil-hair-band-髮箍 UnicodeEncodeError
✗ nt/products/stay-on-balm-rouge-絲滑豐潤唇膏-系列 UnicodeEncodeError
  40/284
✗ -hant/products/juicy-pure-eyes-晶瑩三重眼影-系列 UnicodeEncodeError
✗ roducts/lasting-multi-eyebase-wp-多用途眼影底膏 UnicodeEncodeError
✗ /zh-hant/products/honey-hand-cream-蜜糖潤手霜 UnicodeEncodeError
✗ .com/zh-hant/products/uv-water-gel-蜜糖防曬液 UnicodeEncodeError
✗ m/zh-hant/products/cuticle-scraper-指甲死皮銼 UnicodeEncodeError
✗ t.com/zh-hant/products/3way-buffer-三面拋光棒 UnicodeEncodeError
✗ h-hant/products/cuticle-trimer-甲師表面甘皮去除棒 UnicodeEncodeError
✗ cts/sponge-buffer-half-moon-美甲師甲面專用水洗拋光板 UnicodeEncodeError
✗ products/shiny-buffer-half-moon-美甲師護色拋光板 UnicodeEncodeError
✗ s/washable-file-for-natural-nail-美甲師水洗銼板 UnicodeEncodeError
✗ /zh-hant/products/gel-top-coat-ii-亮甲豐凝面油 UnicodeEncodeError
✗ imarket.com/zh-hant/products/top-coat-面油 UnicodeEncodeError
✗ ant/products/nail-color-solvent-ii-甲油溶解液 UnicodeEncodeError
✗ ucts/value-sponge-nbr-30p-混合形狀化妝綿套裝-30件裝 UnicodeEncodeError
✗ /products/eyeshadow-blending-brush-眼影暈色掃 UnicodeEncodeError
✗ n-touch-sponge-diamond-shaped-雪紡輕柔菱形化妝粉撲 UnicodeEncodeError
✗ zh-hant/products/airy-touch-puff-美肌空氣感粉撲 UnicodeEncodeError
✗ ucts/airy-touch-puff-round-typ-美肌空氣感圓形粉撲 UnicodeEncodeError
✗ -hant/products/smooth-fit-sponge-斜切割平滑海綿 UnicodeEncodeError
✗ ts/marshmallow-mousse-touch-puff-棉花糖慕絲粉撲 UnicodeEncodeError
✗ -hant/products/detangling-brush-柔順護髮梳-系列 UnicodeEncodeError
✗ hant/products/petit-eyelash-curler-迷你睫毛夾 UnicodeEncodeError
✗ no-crease-stick-on-hari-ribbon-clip-無痕髮夾 UnicodeEncodeError
✗ zh-hant/products/paddle-brush-天然楓木頭皮按摩髮梳 UnicodeEncodeError
✗ com/zh-hant/products/mix-brush-天然楓木多功能髮梳 UnicodeEncodeError
✗ nt/products/volume-care-brush-天然楓木豐盈髮絲髮梳 UnicodeEncodeError
✗ com/zh-hant/products/roll-brush-天然楓木混毛圓梳 UnicodeEncodeError
✗ hant/products/mini-mix-brush-迷你天然楓木多功能髮梳 UnicodeEncodeError
✗ hant/products/mini-roll-brush-迷你天然楓木混毛圓梳 UnicodeEncodeError
✗ ucts/mini-volume-care-brush-迷你天然楓木豐盈髮絲髮梳 UnicodeEncodeError
✗ -hant/products/hair-brush-cleaner-梳子清潔工具 UnicodeEncodeError
✗ /products/mini-paddle-brush-迷你天然楓木頭皮按摩髮梳 UnicodeEncodeError
✗ rket.com/zh-hant/products/smart-pin-留海髮夾 UnicodeEncodeError
✗ market.com/zh-hant/products/bob-pin-黑色髮夾 UnicodeEncodeError
✗ t.com/zh-hant/products/america-pin-波浪型髮夾 UnicodeEncodeError
✗ hant/products/creaseless-clips-前蔭無痕髮夾-系列 UnicodeEncodeError
✗ ant/products/ring-rubber-36p-黑色橡膠橡筋-36件裝 UnicodeEncodeError
✗ .com/zh-hant/products/hair-gum-4p-橡筋-4件裝 UnicodeEncodeError
✗ zh-hant/products/spring-hair-gum-束髮彈弓型橡筋 UnicodeEncodeError
✗ -hant/products/spring-hair-gum-束髮彈弓型橡筋-1 UnicodeEncodeError
✗ ts/double-end-eyeblow-brush-screw-雙效螺旋眉掃 UnicodeEncodeError
✗ products/eyeshadow-brushes-set-天然馬毛眼影掃套裝 UnicodeEncodeError
✗ roducts/eyeshadow-tip-double-6p-雙頭眼影掃-6p UnicodeEncodeError
✗ h-hant/products/flocky-puff-2p-圓形薄粉撲-2件裝 UnicodeEncodeError
✗ ts/kumano-brush-for-eyeshadow-s-熊野筆眼影掃-s UnicodeEncodeError
✗ ducts/kumano-brush-for-powder-m-熊野筆碎粉掃-m UnicodeEncodeError
✗ t/products/natural-sea-sponge-m-天然潔面海綿-m UnicodeEncodeError
✗ oducts/puff-for-bb-cc-cream-bb-cc-乳霜專用粉撲 UnicodeEncodeError
✗ /makeup-sponge-square-long-6p-方形化妝粉撲-6支裝 UnicodeEncodeError
✗ ponge-diamond-shape-s-30p-粉底液粉撲菱形-s-30件裝 UnicodeEncodeError
✗ ucts/value-sponge-nbr-20p-混合形狀化妝棉套裝-20件裝 UnicodeEncodeError
  120/284
✗ products/angelich-brush-for-multi-多功能化妝掃 UnicodeEncodeError
✗ hant/products/4way-block-buffer-多合一指甲抛光銼 UnicodeEncodeError
✗ products/realook-mirror-compact-高清化妝鏡-系列 UnicodeEncodeError
✗ ducts/kumano-brush-for-powder-l-熊野筆碎粉掃-l UnicodeEncodeError
✗ products/oil-blotting-paper-120p-美濃和紙吸油紙 UnicodeEncodeError
✗ /products/kumano-brush-for-eyebrow-熊野筆眉掃 UnicodeEncodeError
✗ zh-hant/products/honey-uv-water-gel-50-ⅱ UnicodeEncodeError
  160/284
✗ s/quick-top-coat-ii-【best-before-202408】 UnicodeEncodeError
✗ t/products/compact-pocket-comb-【limited】 UnicodeEncodeError
✗ d-cream-magenta-lady【best-before-202504】 UnicodeEncodeError
  200/284
✗ -hant/products/white-eye-roll-on-美白護眼精華棒 UnicodeEncodeError
✗ ducts/hand-cream-honey-lavender-蜂蜜薰衣草潤手霜 UnicodeEncodeError
✗ kimarket.com/zh-hant/products/lamé-mania UnicodeEncodeError
✗ hant/products/botanical-nail-oil-植物萃取護甲油 UnicodeEncodeError
✗ m/zh-hant/products/twin-touch-puff-雙觸感粉撲 UnicodeEncodeError
  240/284
✗ m/zh-hant/products/aroma-moist-cream-潤手霜 UnicodeEncodeError
✗ zh-hant/products/powder-brush-ex〈angled〉 UnicodeEncodeError
✗ udo-touch-puff-2p-（limited-edition-pink） UnicodeEncodeError
✗ om/zh-hant/products/uv-lip-cream-防曬蜂蜜潤唇膏 UnicodeEncodeError
✗ h-hant/products/flex-stand-brush-護髮彈性站立梳 UnicodeEncodeError
  280/284
搞掂 200 件
